[walletconnect.com/index.html]
[backblue.gif]
[fade.gif]
[index.html]
[walletconnect.com/images/logo.svg]
[walletconnect.com/_next/static/media/hero.438e58ae.jpg]
[walletconnect.com/_next/static/media/logo_mark.84dd8525.svg]
[walletconnect.com/meta/social-card.jpg]
[walletconnect.com/meta/favicon.ico]
[walletconnect.com/collect/script]
[walletconnect.com/_next/static/css/7bb3b62d767bfda0.css]
[walletconnect.com/_next/static/css/288b744995377af0.css]
[walletconnect.com/_next/static/chunks/polyfills-c67a75d1b6f99dc8.js]
[walletconnect.com/_next/static/chunks/webpack-7ee66019f7f6d30f.js]
[walletconnect.com/_next/static/chunks/framework-9b5d6ec4444c80fa.js]
[walletconnect.com/_next/static/chunks/main-bc91bb9ee6775776.js]
[walletconnect.com/_next/static/chunks/pages/_app-26e20a66e78385fe.js]
[walletconnect.com/_next/static/chunks/962-d4f231a9c802ed66.js]
[walletconnect.com/_next/static/chunks/847-f7d84af3cf036d73.js]
[walletconnect.com/_next/static/chunks/pages/index-0fd75b789abf654d.js]
[walletconnect.com/_next/static/lT_BKbBnNyEulP7Xa14DD/_buildManifest.js]
[walletconnect.com/_next/static/lT_BKbBnNyEulP7Xa14DD/_ssgManifest.js]
[walletconnect.com/products.html]
[walletconnect.com/partners.html]
[walletconnect.com/explorer.html]
[walletconnect.com/icons/header_twitter.svg]
[walletconnect.com/icons/header_mirror.svg]
[walletconnect.com/icons/header_github.svg]
[walletconnect.com/icons/header_discord.svg]
[walletconnect.com/_next/static/media/arrow_right_white.1e8e5748.svg]
[walletconnect.com/_next/static/media/arrow_right_black.7f57cb8c.svg]
[walletconnect.com/icons/w3i_icon_1.svg]
[walletconnect.com/icons/w3i_icon_2.svg]
[walletconnect.com/icons/w3i_icon_3.svg]
[walletconnect.com/_next/static/media/w3i_illustration.12766d16.png]
[walletconnect.com/_next/static/media/synth.648fc923.jpg]
[walletconnect.com/accordion.20.delayed]
[walletconnect.com/_next/static/media/product_bg1.bccf6383.jpg]
[walletconnect.com/_next/static/media/connect_wallet.f249ca36.png]
[walletconnect.com/_next/static/media/modal_qr.f7946f6c.png]
[walletconnect.com/_next/static/media/modal_linking.5bb87354.png]
[walletconnect.com/_next/static/media/mirror_widget.3bc5e201.png]
[walletconnect.com/_next/static/media/shapeism_widget.6862f15d.png]
[walletconnect.com/_next/static/media/uniswap_widget.31a66be9.png]
[walletconnect.com/_next/static/media/arrow_right_blue.2e2cf95d.svg]
[walletconnect.com/images/rainbow_icon.png]
[walletconnect.com/_next/static/media/rainbow_widget.b94216a7.png]
[walletconnect.com/images/metamask_icon.png]
[walletconnect.com/_next/static/media/metamask_widget.2a39575f.png]
[walletconnect.com/images/argent_icon.png]
[walletconnect.com/_next/static/media/argent_widget.d9075557.png]
[walletconnect.com/images/unstoppable_icon.png]
[walletconnect.com/images/spot_icon.png]
[walletconnect.com/images/trust_icon.png]
[walletconnect.com/images/zerion_icon.png]
[walletconnect.com/images/zengo_icon.png]
[walletconnect.com/images/assure_icon.png]
[walletconnect.com/images/imtoken_icon.png]
[walletconnect.com/images/pillar_icon.png]
[walletconnect.com/images/bitkeep_icon.png]
[walletconnect.com/_next/static/media/uniswap_bg.9a39fe5e.svg]
[walletconnect.com/_next/static/media/uniswap_icon.0cbea3fe.png]
[walletconnect.com/_next/static/media/foundation_bg.96939fda.svg]
[walletconnect.com/_next/static/media/foundation_widget.9fe7b81d.png]
[walletconnect.com/_next/static/media/foundation_icon.149c9e24.png]
[walletconnect.com/images/aave_icon.png]
[walletconnect.com/images/uniswap_icon.png]
[walletconnect.com/images/opensea_icon.png]
[walletconnect.com/images/twitter_icon.png]
[walletconnect.com/images/rarible_icon.png]
[walletconnect.com/images/compound_icon.png]
[walletconnect.com/images/instagram_icon.png]
[walletconnect.com/images/matcha_icon.png]
[walletconnect.com/images/foundation_icon.png]
[walletconnect.com/images/mirror_icon.png]
[walletconnect.com/_next/static/media/arrow_left_white.f7957bf6.svg]
[cdn-images-1.medium.com/v2/resize_fit_1024/1_kd5xoqpuhB-5REYzKOwHYA.png]
[cdn-images-1.medium.com/v2/resize_fit_1024/1_f84Jax5Nf8fDqMj3j7LriA.png]
[cdn-images-1.medium.com/v2/resize_fit_1024/1_N2gq5rsMKLyEmYrLQkpuEQ.png]
[cdn-images-1.medium.com/v2/resize_fit_1024/1_Hf5dyUd2kYwBNsaDj2kR-g.png]
[cdn-images-1.medium.com/v2/resize_fit_1024/1_dXdl-K0HJ-0Ljizgn5c0sA.jpg]
[cdn-images-1.medium.com/v2/resize_fit_1024/1_8JtuVHpxw7XrYxLEQ0alug.png]
[cdn-images-1.medium.com/v2/resize_fit_1024/1_2tP8FY3mDnjOQgJ39YNeVQ.png]
[cdn-images-1.medium.com/v2/resize_fit_1024/1_06xzo0c-TaJCOGHnJkan1g.png]
[walletconnect.com/faq.html]
[walletconnect.com/guidelines.html]
[walletconnect.com/brand.html]
[walletconnect.com/terms.html]
[walletconnect.com/index.html]
[walletconnect.com/images/logo.svg]
[walletconnect.com/_next/static/media/logo_mark.84dd8525.svg]
[walletconnect.com/privacy.html]
[walletconnect.com/fonts/ABCDiatype-Regular.woff2]
[walletconnect.com/fonts/ABCDiatype-Bold.woff2]
[walletconnect.com/fonts/ABCDiatype-Thin.woff2]
[walletconnect.com/_next/static/css/7bb3b62d767bfda0.css]
[walletconnect.com/_next/static/css/288b744995377af0.css]
[walletconnect.com/_next/static/media/chat_widget.428c5eb8.png]
[walletconnect.com/_next/static/media/push_widget.d918f78f.png]
[walletconnect.com/_next/static/css/b6d01193b31a9747.css]
[walletconnect.com/_next/static/chunks/pages/products-a0662e2b9c2815ef.js]
[walletconnect.com/_next/static/media/web3modal_logo.7ece7849.png]
[walletconnect.com/_next/static/media/arrow_right_cyan.6d8b17ae.svg]
[walletconnect.com/_next/static/media/abstract_shape_10.a54e7d40.svg]
[walletconnect.com/_next/static/media/abstract_shape_11.4ab79020.svg]
[walletconnect.com/_next/static/media/abstract_shape_12.8846d341.svg]
[walletconnect.com/_next/static/media/web3modal_illustration.3bb803fb.jpg]
[walletconnect.com/_next/static/media/web3modal_interface.f7453030.png]
[walletconnect.com/_next/static/media/sign_logo.8302750b.png]
[walletconnect.com/_next/static/media/abstract_shape_1.cf162030.svg]
[walletconnect.com/_next/static/media/abstract_shape_2.e45dfc91.svg]
[walletconnect.com/_next/static/media/abstract_shape_3.9245c989.svg]
[walletconnect.com/video/sign_preview.mp4]
[walletconnect.com/_next/static/media/shape_illustration1.0cd3c0ce.png]
[walletconnect.com/_next/static/media/shape_illustration2.99940f43.png]
[walletconnect.com/_next/static/media/shape_illustration3.71570bf0.png]
[walletconnect.com/_next/static/media/shape_illustration4.cf59c455.png]
[walletconnect.com/_next/static/media/icon_external_arrow.b0860895.svg]
[walletconnect.com/_next/static/media/get_started_illustration.15338c3f.jpg]
[walletconnect.com/_next/static/media/explorer_illustration.0353b6a9.jpg]
[walletconnect.com/_next/static/media/social_illustration.13b25306.jpg]
[walletconnect.com/products.html]
[walletconnect.com/_next/static/css/0d2faff8d50a2c8d.css]
[walletconnect.com/_next/static/chunks/pages/partners-efae39af2758ec42.js]
[walletconnect.com/_next/static/media/partners_hero.abf110e4.jpg]
[walletconnect.com/_next/static/media/block_background.14ff3f29.png]
[walletconnect.com/_next/static/media/block_background_mobile.cc82ac29.png]
[walletconnect.com/_next/static/media/block.15dbbd5a.png]
[walletconnect.com/_next/static/media/wallet_01.4aab8176.png]
[walletconnect.com/_next/static/media/wallet_02.fe506bf7.png]
[walletconnect.com/_next/static/media/wallet_03.0cf571dc.png]
[walletconnect.com/_next/static/media/wallet_04.9319411c.png]
[walletconnect.com/_next/static/media/wallet_05.d7063034.png]
[walletconnect.com/_next/static/media/wallet_06.3a22282c.png]
[walletconnect.com/_next/static/media/wallet_07.289738c7.png]
[walletconnect.com/_next/static/media/wallet_08.564ec5e0.png]
[walletconnect.com/_next/static/media/wallet_09.99700160.png]
[walletconnect.com/_next/static/media/wallet_10.2e512a7b.png]
[walletconnect.com/_next/static/media/app_01.1c6684b3.png]
[walletconnect.com/_next/static/media/app_02.084d7d1b.png]
[walletconnect.com/_next/static/media/app_03.91eb5a7a.png]
[walletconnect.com/_next/static/media/app_04.aac1aa6b.png]
[walletconnect.com/_next/static/media/app_05.99d6b868.png]
[walletconnect.com/_next/static/media/app_06.e9c16e10.png]
[walletconnect.com/_next/static/media/app_07.1a025fe2.png]
[walletconnect.com/_next/static/media/app_08.763042d8.png]
[walletconnect.com/_next/static/media/app_09.5247d9bb.png]
[walletconnect.com/_next/static/media/app_10.224ec2f4.png]
[walletconnect.com/_next/static/media/app_11.0eacb486.png]
[walletconnect.com/_next/static/media/app_12.28f64a50.png]
[walletconnect.com/_next/static/media/app_13.4a6c40c2.png]
[walletconnect.com/_next/static/media/app_14.3f9666fe.png]
[walletconnect.com/_next/static/media/chain_01.05df0908.svg]
[walletconnect.com/_next/static/media/chain_02.b97a41e4.svg]
[walletconnect.com/_next/static/media/chain_03.27874086.svg]
[walletconnect.com/_next/static/media/chain_04.7ff9e558.svg]
[walletconnect.com/_next/static/media/chain_05.0a53baa1.svg]
[walletconnect.com/_next/static/media/chain_07.d063aae4.svg]
[walletconnect.com/_next/static/media/chain_08.ecf239e7.svg]
[walletconnect.com/_next/static/media/chain_09.6266da9d.svg]
[walletconnect.com/_next/static/media/chain_10.75d8117f.svg]
[walletconnect.com/_next/static/media/user_01.d4e73e7f.png]
[walletconnect.com/_next/static/media/user_mobile.36d020c9.svg]
[walletconnect.com/_next/static/media/user_02.3775df7f.png]
[walletconnect.com/_next/static/media/user_laptop.41b0773c.svg]
[walletconnect.com/_next/static/media/user_03.43ad0557.png]
[walletconnect.com/_next/static/media/user_desktop.cff1fd4e.svg]
[walletconnect.com/_next/static/media/user_04.67b68892.png]
[walletconnect.com/_next/static/media/user_05.f22ac202.png]
[walletconnect.com/_next/static/media/user_06.f3ede1cd.png]
[walletconnect.com/partners.html]
[walletconnect.com/_next/static/media/rings.e4d2695f.svg]
[walletconnect.com/_next/static/css/7934bcb7e0fc2bb7.css]
[walletconnect.com/_next/static/chunks/966-e8c923a9dbd326e4.js]
[walletconnect.com/_next/static/chunks/pages/explorer-86f807105ae9fc5e.js]
[walletconnect.com/_next/static/media/search.4977fc4a.svg]
[walletconnect.com/_next/static/media/plus.690a4879.svg]
[walletconnect.com/_next/static/media/radio.8623ce9b.svg]
[walletconnect.com/explorer.html]
[walletconnect.com/icons/header_twitter.svg]
[walletconnect.com/icons/header_mirror.svg]
[walletconnect.com/icons/header_github.svg]
[walletconnect.com/icons/header_discord.svg]
[walletconnect.com/_next/static/media/arrow_right_white.1e8e5748.svg]
[walletconnect.com/_next/static/media/arrow_right_black.7f57cb8c.svg]
[walletconnect.com/icons/w3i_icon_1.svg]
[walletconnect.com/icons/w3i_icon_2.svg]
[walletconnect.com/icons/w3i_icon_3.svg]
[walletconnect.com/accordion.html]
[walletconnect.com/_next/static/media/arrow_right_blue.2e2cf95d.svg]
[walletconnect.com/_next/static/media/uniswap_bg.9a39fe5e.svg]
[walletconnect.com/_next/static/media/foundation_bg.96939fda.svg]
[walletconnect.com/_next/static/media/arrow_left_white.f7957bf6.svg]
[walletconnect.com/_next/static/media/chevron_down.674778e9.svg]
[walletconnect.com/_next/static/css/594fb2b293aed753.css]
[walletconnect.com/_next/static/chunks/pages/faq-5223952b9b90bad7.js]
[walletconnect.com/faq.html]
[walletconnect.com/explorer5cd5.html]
[walletconnect.com/_next/static/css/26316d26fffddcdf.css]
[walletconnect.com/guidelines.html]
[walletconnect.com/_next/static/chunks/pages/guidelines-572c655b22c489a6.js]
[walletconnect.com/_next/static/css/357952a249cb7bd3.css]
[walletconnect.com/_next/static/chunks/pages/brand-60d04c8eae83f0cf.js]
[walletconnect.com/_next/static/media/brands_hero.53a3c762.png]
[walletconnect.com/_next/static/media/brand_logo_blue.60e0f59b.svg]
[walletconnect.com/_next/static/media/brand_logo_black.23a9ffde.svg]
[walletconnect.com/_next/static/media/brand_logo_white.b3569488.svg]
[walletconnect.com/_next/static/media/brand_lockup_blue.b3666393.svg]
[walletconnect.com/_next/static/media/brand_lockup_black.ab44cad7.svg]
[walletconnect.com/_next/static/media/brand_lockup_white.72886c28.svg]
[raw.githubusercontent.com/WalletConnect/walletconnect-assets/master/Badge/Blue/Badge@2x.png]
[walletconnect.com/_next/static/media/brand_badge_blue.c3287ecd.svg]
[raw.githubusercontent.com/WalletConnect/walletconnect-assets/master/Badge/Black (Default)/Badge@2x.png]
[walletconnect.com/_next/static/media/brand_badge_black.235a2a58.svg]
[raw.githubusercontent.com/WalletConnect/walletconnect-assets/master/Badge/White/Badge@2x.png]
[walletconnect.com/_next/static/media/brand_badge_white.9d12639d.svg]
[walletconnect.com/_next/static/media/brand_icon_blue.c5e25f1c.svg]
[walletconnect.com/_next/static/media/brand_icon_black.047e22a0.svg]
[walletconnect.com/_next/static/media/brand_icon_white.684c8c34.svg]
[walletconnect.com/_next/static/media/arrow_left_black.89d82e67.svg]
[walletconnect.com/_next/static/media/brand_name.0a48c9b9.svg]
[walletconnect.com/brand.html]
[walletconnect.com/_next/static/media/brand_safe_area.50ff3eaf.svg]
[walletconnect.com/_next/static/css/fd11be43606780f2.css]
[walletconnect.com/terms.html]
[walletconnect.com/_next/static/chunks/pages/terms-6f207d1a6af45cbb.js]
[walletconnect.com/_next/static/css/15b548e63fea5fd0.css]
[walletconnect.com/_next/static/chunks/pages/privacy-bc06ab2bcb6f18e2.js]
[walletconnect.com/cdn-cgi/l/email-protection.html]
[walletconnect.com/privacy.html]
[walletconnect.com/_next/static/css/b6d01193b31a9747.css]
[walletconnect.com/_next/static/media/arrow_right_cyan.6d8b17ae.svg]
[walletconnect.com/_next/static/media/abstract_shape_10.a54e7d40.svg]
[walletconnect.com/_next/static/media/abstract_shape_11.4ab79020.svg]
[walletconnect.com/_next/static/media/abstract_shape_12.8846d341.svg]
[walletconnect.com/_next/static/media/abstract_shape_1.cf162030.svg]
[walletconnect.com/_next/static/media/abstract_shape_2.e45dfc91.svg]
[walletconnect.com/_next/static/media/abstract_shape_3.9245c989.svg]
[walletconnect.com/_next/static/media/icon_external_arrow.b0860895.svg]
[walletconnect.com/_next/static/css/0d2faff8d50a2c8d.css]
[walletconnect.com/_next/static/media/chain_01.05df0908.svg]
[walletconnect.com/_next/static/media/chain_02.b97a41e4.svg]
[walletconnect.com/_next/static/media/chain_03.27874086.svg]
[walletconnect.com/_next/static/media/chain_04.7ff9e558.svg]
[walletconnect.com/_next/static/media/chain_05.0a53baa1.svg]
[walletconnect.com/_next/static/media/chain_07.d063aae4.svg]
[walletconnect.com/_next/static/media/chain_08.ecf239e7.svg]
[walletconnect.com/_next/static/media/chain_09.6266da9d.svg]
[walletconnect.com/_next/static/media/chain_10.75d8117f.svg]
[walletconnect.com/_next/static/media/user_mobile.36d020c9.svg]
[walletconnect.com/_next/static/media/user_laptop.41b0773c.svg]
[walletconnect.com/_next/static/media/user_desktop.cff1fd4e.svg]
[walletconnect.com/_next/static/media/rings.e4d2695f.svg]
[walletconnect.com/_next/static/css/7934bcb7e0fc2bb7.css]
[walletconnect.com/_next/static/media/search.4977fc4a.svg]
[walletconnect.com/_next/static/media/plus.690a4879.svg]
[walletconnect.com/_next/static/media/radio.8623ce9b.svg]
[walletconnect.com/_next/static/media/chevron_down.674778e9.svg]
[walletconnect.com/_next/static/css/594fb2b293aed753.css]
[walletconnect.com/explorer5cd5.html]
[walletconnect.com/_next/static/css/26316d26fffddcdf.css]
[walletconnect.com/cdn-cgi/scripts/5c5dd728/cloudflare-static/email-decode.min.js]
[walletconnect.com/images/checkers_bg_10.png]
[walletconnect.com/images/checkers_bg_20.png]
[walletconnect.com/_next/static/css/357952a249cb7bd3.css]
[walletconnect.com/_next/static/media/brand_logo_blue.60e0f59b.svg]
[walletconnect.com/_next/static/media/brand_logo_black.23a9ffde.svg]
[walletconnect.com/_next/static/media/brand_logo_white.b3569488.svg]
[walletconnect.com/_next/static/media/brand_lockup_blue.b3666393.svg]
[walletconnect.com/_next/static/media/brand_lockup_black.ab44cad7.svg]
[walletconnect.com/_next/static/media/brand_lockup_white.72886c28.svg]
[walletconnect.com/_next/static/media/brand_badge_blue.c3287ecd.svg]
[walletconnect.com/_next/static/media/brand_badge_black.235a2a58.svg]
[walletconnect.com/_next/static/media/brand_badge_white.9d12639d.svg]
[walletconnect.com/_next/static/media/brand_icon_blue.c5e25f1c.svg]
[walletconnect.com/_next/static/media/brand_icon_black.047e22a0.svg]
[walletconnect.com/_next/static/media/brand_icon_white.684c8c34.svg]
[walletconnect.com/_next/static/media/arrow_left_black.89d82e67.svg]
[walletconnect.com/_next/static/media/brand_name.0a48c9b9.svg]
[walletconnect.com/_next/static/media/brand_safe_area.50ff3eaf.svg]
[walletconnect.com/_next/static/css/fd11be43606780f2.css]
[walletconnect.com/_next/static/css/15b548e63fea5fd0.css]
[walletconnect.com/cdn-cgi/l/email-protection.html]
